
> scheduleo-completo@1.0.0 build
> next build

 ÔÜá Invalid next.config.js options detected: 
 ÔÜá     Unrecognized key(s) in object: 'swcMinify'
 ÔÜá See more info here: https://nextjs.org/docs/messages/invalid-next-config
  Ôû▓ Next.js 15.0.0
  - Environments: .env.local, .env

   Creating an optimized production build ...
 Ô£ô Compiled successfully
   Linting and checking validity of types ...
Failed to compile.

./app/(main)/notificaciones/page.tsx:77:32
Type error: Property 'remitente' does not exist on type 'Notification'.

  75 |                     <div className="flex items-center gap-3 mb-2">
  76 |                       <span className="font-bold text-gray-900 dark:text-gray-100">
> 77 |                         {notif.remitente}
     |                                ^
  78 |                       </span>
  79 |                       <span className="text-sm text-gray-500 dark:text-gray-400">
  80 |                         {new Date(notif.timestamp).toLocaleString('es-ES', {
